blocks: {{1, 3, 30}, {2, 1, 8}, {2, 2, 9}, {2, 3, 82}, {3, 1, 5}, {3, 2, 18}, {3, 3, 655}, {4, 3, 99}}
total char polys: 906
GB... Fri 31 Jul 2026 23:48:05
GB size: 6  Fri 31 Jul 2026 23:48:06
GB: {106378895 + 136522240*b5 + 151301517*b5^2 + 36097588*b5^3 + 159453161*b5^4 + 68314286*b5^5 + 133385628*b5^6 + 66364974*b5^7 + 115629234*b5^8 + b5^9, 3959526 + 157273479*b4 + 167116916*b5 + 57593106*b4*b5 + 125512474*b5^2 + 79744301*b4*b5^2 + 36978649*b5^3 + b4*b5^3 + 170876271*b5^4 + 29839504*b5^5 + 135154013*b5^6 + 153673910*b5^7 + 131531368*b5^8, 60712635 + b4 + b4^2 + 68280375*b5 + 89712352*b4*b5 + 118331802*b5^2 + 89712350*b4*b5^2 + 153472491*b5^3 + 94571044*b5^4 + 150879094*b5^5 + 47628948*b5^6 + 61918434*b5^7 + 68449797*b5^8, 151007767 + b3 + 51264203*b4 + 157059271*b5 + 140976568*b4*b5 + 697990*b5^2 + 12816077*b4*b5^2 + 88997531*b5^3 + 154402553*b5^4 + 149573996*b5^5 + 73088622*b5^6 + 127894524*b5^7 + 93064198*b5^8, 178387960 + b2 + b4 + 37690773*b5 + 30425947*b5^2 + 176386995*b5^3 + 63071925*b5^4 + 62023620*b5^5 + 175315249*b5^6 + 108836427*b5^7 + 117161406*b5^8, 119849801 + b1 + 128160470*b4 + 111984907*b5 + 38448105*b4*b5 + 124555617*b5^2 + 166608596*b4*b5^2 + 137818493*b5^3 + 72265098*b5^4 + 150058754*b5^5 + 152249157*b5^6 + 147440884*b5^7 + 129647558*b5^8}
Solve... Fri 31 Jul 2026 23:48:06
rational points over F_p: 4  Fri 31 Jul 2026 23:48:06
NB=1 regime points: 4  NB=2 regimes: 1

CharacteristicPolynomial::argrx: CharacteristicPolynomial called with 3 arguments; 2 arguments are expected.
  NB=2 var b1: charpoly factors: {{1, 1}, {CharacteristicPolynomial[{{179424672, 179424672}, {159488600, 19936077}}, x, Modulus -> 179424673], 1}}

CharacteristicPolynomial::argrx: CharacteristicPolynomial called with 3 arguments; 2 arguments are expected.
  NB=2 var b2: charpoly factors: {{1, 1}, {CharacteristicPolynomial[{{0, 179424672}, {159488600, 19936078}}, x, Modulus -> 179424673], 1}}

CharacteristicPolynomial::argrx: CharacteristicPolynomial called with 3 arguments; 2 arguments are expected.

General::stop: Further output of CharacteristicPolynomial::argrx will be suppressed during this calculation.
  NB=2 var b3: charpoly factors: {{1, 1}, {CharacteristicPolynomial[{{19936077, 1}, {19936073, 179424672}}, x, Modulus -> 179424673], 1}}
  NB=2 var b4: charpoly factors: {{1, 1}, {CharacteristicPolynomial[{{19936078, 1}, {19936073, 0}}, x, Modulus -> 179424673], 1}}
  NB=2 var b5: charpoly factors: {{1, 1}, {CharacteristicPolynomial[{{139552523, 0}, {0, 139552523}}, x, Modulus -> 179424673], 1}}

Part::partd: Part specification List[[1]] is longer than depth of object.

Part::partd: Part specification List[[2]] is longer than depth of object.

Part::partd: Part specification List[[3]] is longer than depth of object.

General::stop: Further output of Part::partd will be suppressed during this calculation.

1  b={2193473, 2193474, 2193473, 2193474, 8773895}  -> regime-3
2  b={69576395, 69576396, 69576395, 69576396, 98880910}  -> regime-4
3  b={71769869, 71769869, 71769869, 71769869, 107654804}  -> regime-2
4  b={89712336, 89712337, 89712336, 89712337, 179424672}  -> regime-1
